// Jest Snapshot v1, https://goo.gl/fbAQLP

exports[`renders components correctly renders Card correctly 1`] = `
<BVLinearGradient
  colors={
    [
      4294901760,
      4278190335,
    ]
  }
  endPoint={
    {
      "x": 0.5,
      "y": 1,
    }
  }
  locations={null}
  startPoint={
    {
      "x": 0.5,
      "y": 0,
    }
  }
  style={
    {
      "alignItems": "center",
      "padding": 8,
    }
  }
>
  <Image
    source={
      {
        "uri": "url",
      }
    }
    style={
      {
        "height": 96,
        "marginTop": 10,
        "resizeMode": "contain",
        "width": 96,
      }
    }
  />
  <View
    style={
      {
        "marginTop": 10,
      }
    }
  >
    <Text
      style={
        {
          "color": "#2e3156",
          "fontSize": 20,
          "fontWeight": "bold",
          "textAlign": "center",
          "textTransform": "capitalize",
        }
      }
    >
      title
    </Text>
    <Text
      style={
        {
          "color": "#2e3156",
          "textAlign": "center",
        }
      }
    >
      description
    </Text>
  </View>
</BVLinearGradient>
`;

exports[`renders components correctly renders Filters correctly 1`] = `
<Modal
  animationType="slide"
  hardwareAccelerated={false}
  transparent={true}
  visible={false}
/>
`;

exports[`renders components correctly renders PokemonEmptyList correctly 1`] = `
<Text
  style={
    {
      "fontSize": 24,
      "fontWeight": 600,
    }
  }
>
  No results found!
</Text>
`;

exports[`renders components correctly renders PokemonListHeader correctly 1`] = `
[
  <Text
    style={
      {
        "borderBottomColor": "#2e3156",
        "borderBottomWidth": 1,
        "color": "#2e3156",
        "fontSize": 32,
        "fontWeight": "bold",
        "letterSpacing": 2,
        "marginTop": 16,
        "paddingBottom": 8,
      }
    }
  >
    Pokedex
  </Text>,
  <Text
    style={
      {
        "fontSize": 18,
        "marginVertical": 8,
      }
    }
  >
    Search for any pokemon that exists on the planet
  </Text>,
  <View
    style={
      {
        "flexDirection": "row",
        "gap": 16,
        "marginVertical": 8,
      }
    }
  >
    <View
      style={
        {
          "alignItems": "center",
          "flex": 1,
          "flexDirection": "row",
          "justifyContent": "center",
          "position": "relative",
        }
      }
    >
      <View
        accessibilityState={
          {
            "busy": undefined,
            "checked": undefined,
            "disabled": undefined,
            "expanded": undefined,
            "selected": undefined,
          }
        }
        accessibilityValue={
          {
            "max": undefined,
            "min": undefined,
            "now": undefined,
            "text": undefined,
          }
        }
        accessible={true}
        collapsable={false}
        focusable={true}
        onBlur={[Function]}
        onClick={[Function]}
        onFocus={[Function]}
        onResponderGrant={[Function]}
        onResponderMove={[Function]}
        onResponderRelease={[Function]}
        onResponderTerminate={[Function]}
        onResponderTerminationRequest={[Function]}
        onStartShouldSetResponder={[Function]}
        style={
          {
            "position": "absolute",
            "right": 8,
            "zIndex": 10,
          }
        }
      >
        <Image
          source={
            {
              "testUri": "../../../src/assets/images/search.png",
            }
          }
          style={
            {
              "height": 20,
              "width": 20,
            }
          }
        />
      </View>
      <TextInput
        onChangeText={[Function]}
        onSubmitEditing={[Function]}
        placeholder="Name or Number"
        returnKeyType="search"
        style={
          {
            "backgroundColor": "#CCC",
            "borderRadius": 16,
            "flexGrow": 1,
            "paddingHorizontal": 8,
            "paddingVertical": 20,
          }
        }
        value=""
      />
    </View>
    <View
      accessibilityState={
        {
          "busy": undefined,
          "checked": undefined,
          "disabled": undefined,
          "expanded": undefined,
          "selected": undefined,
        }
      }
      accessibilityValue={
        {
          "max": undefined,
          "min": undefined,
          "now": undefined,
          "text": undefined,
        }
      }
      accessible={true}
      collapsable={false}
      focusable={true}
      onBlur={[Function]}
      onClick={[Function]}
      onFocus={[Function]}
      onResponderGrant={[Function]}
      onResponderMove={[Function]}
      onResponderRelease={[Function]}
      onResponderTerminate={[Function]}
      onResponderTerminationRequest={[Function]}
      onStartShouldSetResponder={[Function]}
      style={
        {
          "backgroundColor": "#2e3156",
          "borderRadius": 16,
          "paddingHorizontal": 20,
          "paddingVertical": 16,
        }
      }
    >
      <Image
        source={
          {
            "testUri": "../../../src/assets/images/filter.png",
          }
        }
        style={
          {
            "height": 30,
            "resizeMode": "contain",
            "width": 30,
          }
        }
      />
    </View>
  </View>,
]
`;
